2026-02-14 09:04:27,286 - alerts - INFO - Connecting to SMTP smtp.planet.tn:25
2026-02-14 09:04:27,436 - alerts - INFO - Authenticated as controle@saphirpalace.com.tn
2026-02-14 09:04:27,440 - alerts - INFO - Sending email to suissi.boubaker@gmail.com. Attempt 1/3
2026-02-14 09:04:27,441 - alerts - INFO - Connecting to SMTP smtp.planet.tn:25
2026-02-14 09:04:27,581 - alerts - INFO - Authenticated as controle@saphirpalace.com.tn
2026-02-14 09:04:27,629 - alerts - INFO - Email successfully sent to suissi.boubaker@gmail.com
2026-02-14 09:05:13,161 - alerts - INFO - Starting alert check. TODAY=2026-02-14, THRESHOLD=30 days (TARGET=2026-03-16)
2026-02-14 09:05:13,164 - alerts - INFO - Found 1 expiring contracts.
2026-02-14 09:05:13,165 - alerts - INFO - Sending email to suissi.boubaker@gmail.com. Attempt 1/3
2026-02-14 09:05:13,168 - alerts - INFO - Connecting to SMTP smtp.planet.tn:25
2026-02-14 09:05:13,331 - alerts - INFO - Authenticated as controle@saphirpalace.com.tn
2026-02-14 09:05:13,372 - alerts - INFO - Email successfully sent to suissi.boubaker@gmail.com
2026-02-14 09:05:13,390 - alerts - INFO - Automated check complete. Recorded last_alert_date=2026-02-14
2026-02-14 09:05:14,152 - main_window - INFO - Alert already sent or checked for today. Skipping startup check.
2026-02-14 09:05:19,364 - main_window - INFO - Manual alert trigger initiated by user.
2026-02-14 09:05:19,366 - alerts - INFO - Starting alert check. TODAY=2026-02-14, THRESHOLD=30 days (TARGET=2026-03-16)
2026-02-14 09:05:19,367 - alerts - INFO - Found 1 expiring contracts.
2026-02-14 09:05:19,367 - alerts - INFO - Sending email to suissi.boubaker@gmail.com. Attempt 1/3
2026-02-14 09:05:19,368 - alerts - INFO - Connecting to SMTP smtp.planet.tn:25
2026-02-14 09:05:19,512 - alerts - INFO - Authenticated as controle@saphirpalace.com.tn
2026-02-14 09:05:19,548 - alerts - INFO - Email successfully sent to suissi.boubaker@gmail.com
2026-02-14 09:05:27,716 - alerts - INFO - Connecting to SMTP smtp.planet.tn:25
2026-02-14 09:05:27,887 - alerts - INFO - Authenticated as controle@saphirpalace.com.tn
2026-02-14 09:09:00,023 - alerts - INFO - Starting alert check. TODAY=2026-02-14, THRESHOLD=30 days (TARGET=2026-03-16)
2026-02-14 09:09:00,024 - alerts - INFO - Found 1 expiring contracts.
2026-02-14 09:09:00,025 - alerts - INFO - Sending email to suissi.boubaker@gmail.com. Attempt 1/3
2026-02-14 09:09:00,026 - alerts - INFO - Connecting to SMTP smtp.planet.tn:25
2026-02-14 09:09:00,193 - alerts - INFO - Authenticated as controle@saphirpalace.com.tn
2026-02-14 09:09:00,237 - alerts - INFO - Email successfully sent to suissi.boubaker@gmail.com
2026-02-14 09:09:00,263 - alerts - INFO - Automated check complete. Recorded last_alert_date=2026-02-14
2026-02-14 09:18:36,079 - alerts - INFO - Sending email to ytboubaker1978@gmail.com. Attempt 1/3
2026-02-14 09:18:36,082 - alerts - INFO - Connecting to SMTP smtp.planet.tn:25
2026-02-14 09:18:36,257 - alerts - INFO - Authenticated as controle@saphirpalace.com.tn
2026-02-14 09:18:36,300 - alerts - INFO - Email successfully sent to ytboubaker1978@gmail.com
2026-02-14 09:19:20,276 - main_window - INFO - Alert already sent or checked for today. Skipping startup check.
2026-02-14 09:22:00,341 - alerts - INFO - Starting alert check. TODAY=2026-02-14, THRESHOLD=30 days (TARGET=2026-03-16)
2026-02-14 09:22:00,347 - alerts - INFO - Found 1 expiring contracts.
2026-02-14 09:22:00,350 - alerts - INFO - Sending email to suissi.boubaker@gmail.com. Attempt 1/3
2026-02-14 09:22:00,352 - alerts - INFO - Connecting to SMTP smtp.planet.tn:25
2026-02-14 09:22:00,515 - alerts - INFO - Authenticated as controle@saphirpalace.com.tn
2026-02-14 09:22:00,555 - alerts - INFO - Email successfully sent to suissi.boubaker@gmail.com
2026-02-14 09:22:00,579 - alerts - INFO - Automated check complete. Recorded last_alert_date=2026-02-14
2026-02-14 09:24:23,072 - main_window - INFO - Alert already sent or checked for today. Skipping startup check.
2026-02-14 09:25:08,895 - main_window - INFO - Manual alert trigger initiated by user.
2026-02-14 09:25:08,896 - alerts - INFO - Starting alert check. TODAY=2026-02-14, THRESHOLD=30 days (TARGET=2026-03-16)
2026-02-14 09:25:08,898 - alerts - INFO - Found 1 expiring contracts.
2026-02-14 09:25:08,898 - alerts - INFO - Sending email to controle@saphirpalace.com.tn. Attempt 1/3
2026-02-14 09:25:08,899 - alerts - INFO - Connecting to SMTP smtp.planet.tn:25
2026-02-14 09:25:09,062 - alerts - INFO - Authenticated as controle@saphirpalace.com.tn
2026-02-14 09:25:09,112 - alerts - INFO - Email successfully sent to controle@saphirpalace.com.tn
2026-02-14 09:30:00,985 - alerts - INFO - Starting alert check. TODAY=2026-02-14, THRESHOLD=30 days (TARGET=2026-03-16)
2026-02-14 09:30:00,986 - alerts - INFO - Found 1 expiring contracts.
2026-02-14 09:30:00,987 - alerts - INFO - Sending email to controle@saphirpalace.com.tn. Attempt 1/3
2026-02-14 09:30:00,988 - alerts - INFO - Connecting to SMTP smtp.planet.tn:25
2026-02-14 09:30:01,194 - alerts - INFO - Authenticated as controle@saphirpalace.com.tn
2026-02-14 09:30:01,236 - alerts - INFO - Email successfully sent to controle@saphirpalace.com.tn
2026-02-14 09:30:01,268 - alerts - INFO - Automated check complete. Recorded last_alert_date=2026-02-14
2026-02-14 10:17:50,026 - alerts - INFO - Connecting to SMTP smtp.planet.tn:25
2026-02-14 10:17:50,191 - alerts - INFO - Authenticated as controle@saphirpalace.com.tn
2026-02-14 10:17:50,196 - alerts - INFO - Sending email to controle@saphirpalace.com.tn. Attempt 1/3
2026-02-14 10:17:50,197 - alerts - INFO - Connecting to SMTP smtp.planet.tn:25
2026-02-14 10:17:50,352 - alerts - INFO - Authenticated as controle@saphirpalace.com.tn
2026-02-14 10:17:50,397 - alerts - INFO - Email successfully sent to controle@saphirpalace.com.tn
2026-02-14 10:58:23,531 - alerts - INFO - Starting alert check. TODAY=2026-02-14, THRESHOLD=30 days (TARGET=2026-03-16)
2026-02-14 10:58:23,534 - alerts - INFO - Found 1 expiring contracts.
2026-02-14 10:58:23,535 - alerts - INFO - Sending email to controle@saphirpalace.com.tn. Attempt 1/3
2026-02-14 10:58:23,537 - alerts - INFO - Connecting to SMTP smtp.planet.tn:25
2026-02-14 10:58:23,715 - alerts - INFO - Authenticated as controle@saphirpalace.com.tn
2026-02-14 10:58:23,752 - alerts - INFO - Email successfully sent to controle@saphirpalace.com.tn
2026-02-14 10:58:23,771 - alerts - INFO - Automated check complete. Recorded last_alert_date=2026-02-14
2026-02-14 10:58:24,519 - main_window - INFO - Alert already sent or checked for today. Skipping startup check.
2026-02-14 10:59:24,094 - alerts - INFO - Starting alert check. TODAY=2026-02-14, THRESHOLD=30 days (TARGET=2026-03-16)
2026-02-14 10:59:24,097 - alerts - INFO - Found 1 expiring contracts.
2026-02-14 10:59:24,100 - alerts - INFO - Sending email to controle@saphirpalace.com.tn. Attempt 1/3
2026-02-14 10:59:24,103 - alerts - INFO - Connecting to SMTP smtp.planet.tn:25
2026-02-14 10:59:24,264 - alerts - INFO - Authenticated as controle@saphirpalace.com.tn
2026-02-14 10:59:24,310 - alerts - INFO - Email successfully sent to controle@saphirpalace.com.tn
2026-02-14 10:59:24,331 - alerts - INFO - Automated check complete. Recorded last_alert_date=2026-02-14
2026-02-14 10:59:25,622 - main_window - INFO - Manual alert trigger initiated by user.
2026-02-14 10:59:25,622 - alerts - INFO - Starting alert check. TODAY=2026-02-14, THRESHOLD=30 days (TARGET=2026-03-16)
2026-02-14 10:59:25,623 - alerts - INFO - Found 1 expiring contracts.
2026-02-14 10:59:25,624 - alerts - INFO - Sending email to controle@saphirpalace.com.tn. Attempt 1/3
2026-02-14 10:59:25,625 - alerts - INFO - Connecting to SMTP smtp.planet.tn:25
2026-02-14 10:59:25,758 - alerts - INFO - Authenticated as controle@saphirpalace.com.tn
2026-02-14 10:59:25,800 - alerts - INFO - Email successfully sent to controle@saphirpalace.com.tn
2026-02-14 11:05:00,901 - alerts - INFO - Starting alert check. TODAY=2026-02-14, THRESHOLD=30 days (TARGET=2026-03-16)
2026-02-14 11:05:00,902 - alerts - INFO - Found 1 expiring contracts.
2026-02-14 11:05:00,903 - alerts - INFO - Sending email to controle@saphirpalace.com.tn. Attempt 1/3
2026-02-14 11:05:00,904 - alerts - INFO - Connecting to SMTP smtp.planet.tn:25
2026-02-14 11:05:01,096 - alerts - INFO - Authenticated as controle@saphirpalace.com.tn
2026-02-14 11:05:01,135 - alerts - INFO - Email successfully sent to controle@saphirpalace.com.tn
2026-02-14 11:05:01,159 - alerts - INFO - Automated check complete. Recorded last_alert_date=2026-02-14
2026-02-14 11:06:18,763 - alerts - INFO - Connecting to SMTP smtp.planet.tn:25
2026-02-14 11:06:18,920 - alerts - INFO - Authenticated as controle@saphirpalace.com.tn
2026-02-14 11:06:18,925 - alerts - INFO - Sending email to controle@saphirpalace.com.tn. Attempt 1/3
2026-02-14 11:06:18,926 - alerts - INFO - Connecting to SMTP smtp.planet.tn:25
2026-02-14 11:06:19,078 - alerts - INFO - Authenticated as controle@saphirpalace.com.tn
2026-02-14 11:06:19,116 - alerts - INFO - Email successfully sent to controle@saphirpalace.com.tn
2026-02-14 11:09:18,794 - alerts - INFO - Sending email to ytboubaker1978@gmail.com. Attempt 1/3
2026-02-14 11:09:18,795 - alerts - INFO - Connecting to SMTP smtp.planet.tn:25
2026-02-14 11:09:18,949 - alerts - INFO - Authenticated as controle@saphirpalace.com.tn
2026-02-14 11:09:18,988 - alerts - INFO - Email successfully sent to ytboubaker1978@gmail.com
2026-02-14 11:13:55,154 - email_manager - INFO - EmailManager initialized and worker started.
2026-02-14 11:13:55,166 - email_manager - INFO - Enqueued email to controle@saphirpalace.com.tn
2026-02-14 11:13:55,167 - email_manager - INFO - Enqueued email to controle@saphirpalace.com.tn
2026-02-14 11:13:55,167 - email_manager - INFO - Enqueued email to controle@saphirpalace.com.tn
2026-02-14 11:13:55,331 - email_manager - INFO - Established new SMTP connection.
2026-02-14 11:13:55,369 - email_manager - INFO - Sent email to controle@saphirpalace.com.tn
2026-02-14 11:13:55,412 - email_manager - INFO - Sent email to controle@saphirpalace.com.tn
2026-02-14 11:13:55,454 - email_manager - INFO - Sent email to controle@saphirpalace.com.tn
2026-02-14 11:15:01,396 - email_manager - INFO - EmailManager initialized and worker started.
2026-02-14 11:15:01,407 - email_manager - INFO - Enqueued email to controle@saphirpalace.com.tn
2026-02-14 11:15:01,408 - email_manager - INFO - Enqueued email to controle@saphirpalace.com.tn
2026-02-14 11:15:01,409 - email_manager - INFO - Enqueued email to controle@saphirpalace.com.tn
2026-02-14 11:15:01,611 - email_manager - INFO - Established new SMTP connection.
2026-02-14 11:15:01,675 - email_manager - INFO - Sent email to controle@saphirpalace.com.tn
2026-02-14 11:15:01,723 - email_manager - INFO - Sent email to controle@saphirpalace.com.tn
2026-02-14 11:15:01,760 - email_manager - INFO - Sent email to controle@saphirpalace.com.tn
2026-02-14 11:16:24,236 - email_manager - INFO - EmailManager initialized and worker started.
2026-02-14 11:16:24,236 - email_manager - INFO - Enqueued email to ytboubaker1978@gmail.com
2026-02-14 11:16:24,460 - email_manager - INFO - Established new SMTP connection.
2026-02-14 11:16:24,497 - email_manager - INFO - Sent email to ytboubaker1978@gmail.com
2026-02-14 11:19:45,341 - email_manager - INFO - EmailManager initialized and worker started.
2026-02-14 11:19:45,341 - email_manager - INFO - Enqueued email to ytboubaker1978@gmail.com
2026-02-14 11:19:45,499 - email_manager - INFO - Established new SMTP connection.
2026-02-14 11:19:45,541 - email_manager - INFO - Sent email to ytboubaker1978@gmail.com
2026-02-14 11:22:22,347 - email_manager - INFO - Enqueued email to ytboubaker1978@gmail.com
2026-02-14 11:22:22,495 - email_manager - INFO - Established new SMTP connection.
2026-02-14 11:22:22,536 - email_manager - INFO - Sent email to ytboubaker1978@gmail.com
2026-02-14 11:28:28,000 - email_manager - INFO - EmailManager initialized and worker started.
2026-02-14 11:28:28,000 - email_manager - INFO - Enqueued email to ytboubaker1978@gmail.com
2026-02-14 11:28:28,173 - email_manager - INFO - Established new SMTP connection.
2026-02-14 11:28:28,395 - email_manager - INFO - Sent email to ytboubaker1978@gmail.com
2026-02-14 11:55:35,878 - email_manager - INFO - EmailManager initialized and worker started.
2026-02-14 11:55:35,881 - email_manager - INFO - Enqueued email to fail@test.com
2026-02-14 11:55:35,891 - email_manager - INFO - Enqueued email to success@test.com
2026-02-14 11:55:35,896 - email_manager - INFO - Established new SMTP connection.
2026-02-14 11:55:35,897 - email_manager - ERROR - Unexpected error in email worker: name 'socket' is not defined
Traceback (most recent call last):
  File "C:\Users\Chef_Controle\Desktop\Dev\Python\Antigravity\Contragest\contragest\core\email_manager.py", line 121, in _worker
    email_service.send_message(server, task['subject'], task['body'], task['recipient'])
    ~~~~~~~~~~~~~~~~~~~~~~~~~~^^^^^^^^^^^^^^^^^^^^^^^^^^^^^^^^^^^^^^^^^^^^^^^^^^^^^^^^^^
  File "C:\Program Files\Python314\Lib\unittest\mock.py", line 1175, in __call__
    return self._mock_call(*args, **kwargs)
           ~~~~~~~~~~~~~~~^^^^^^^^^^^^^^^^^
  File "C:\Program Files\Python314\Lib\unittest\mock.py", line 1179, in _mock_call
    return self._execute_mock_call(*args, **kwargs)
           ~~~~~~~~~~~~~~~~~~~~~~~^^^^^^^^^^^^^^^^^
  File "C:\Program Files\Python314\Lib\unittest\mock.py", line 1240, in _execute_mock_call
    result = effect(*args, **kwargs)
  File "C:\Users\Chef_Controle\Desktop\Dev\Python\Antigravity\Contragest\test_email_reliability.py", line 27, in side_effect_send
    raise Exception("Simulated Failure")
Exception: Simulated Failure

During handling of the above exception, another exception occurred:

Traceback (most recent call last):
  File "C:\Users\Chef_Controle\Desktop\Dev\Python\Antigravity\Contragest\contragest\core\email_manager.py", line 124, in _worker
    except (smtplib.SMTPServerDisconnected, socket.error) as e:
                                            ^^^^^^
NameError: name 'socket' is not defined. Did you forget to import 'socket'?
2026-02-14 11:55:36,907 - email_manager - INFO - Established new SMTP connection.
2026-02-14 11:55:36,908 - email_manager - INFO - Sent email to success@test.com
2026-02-14 11:55:58,313 - email_manager - INFO - EmailManager initialized and worker started.
2026-02-14 11:55:58,314 - email_manager - INFO - Enqueued email to fail@test.com
2026-02-14 11:55:58,322 - email_manager - INFO - Enqueued email to success@test.com
2026-02-14 11:55:58,325 - email_manager - INFO - Established new SMTP connection.
2026-02-14 11:55:58,326 - email_manager - ERROR - Unexpected error in email worker: name 'socket' is not defined
Traceback (most recent call last):
  File "C:\Users\Chef_Controle\Desktop\Dev\Python\Antigravity\Contragest\contragest\core\email_manager.py", line 121, in _worker
    email_service.send_message(server, task['subject'], task['body'], task['recipient'])
    ~~~~~~~~~~~~~~~~~~~~~~~~~~^^^^^^^^^^^^^^^^^^^^^^^^^^^^^^^^^^^^^^^^^^^^^^^^^^^^^^^^^^
  File "C:\Program Files\Python314\Lib\unittest\mock.py", line 1175, in __call__
    return self._mock_call(*args, **kwargs)
           ~~~~~~~~~~~~~~~^^^^^^^^^^^^^^^^^
  File "C:\Program Files\Python314\Lib\unittest\mock.py", line 1179, in _mock_call
    return self._execute_mock_call(*args, **kwargs)
           ~~~~~~~~~~~~~~~~~~~~~~~^^^^^^^^^^^^^^^^^
  File "C:\Program Files\Python314\Lib\unittest\mock.py", line 1240, in _execute_mock_call
    result = effect(*args, **kwargs)
  File "C:\Users\Chef_Controle\Desktop\Dev\Python\Antigravity\Contragest\test_email_reliability.py", line 27, in side_effect_send
    raise Exception("Simulated Failure")
Exception: Simulated Failure

During handling of the above exception, another exception occurred:

Traceback (most recent call last):
  File "C:\Users\Chef_Controle\Desktop\Dev\Python\Antigravity\Contragest\contragest\core\email_manager.py", line 124, in _worker
    except (smtplib.SMTPServerDisconnected, socket.error) as e:
                                            ^^^^^^
NameError: name 'socket' is not defined. Did you forget to import 'socket'?
2026-02-14 11:55:59,332 - email_manager - INFO - Established new SMTP connection.
2026-02-14 11:55:59,333 - email_manager - INFO - Sent email to success@test.com
2026-02-14 11:56:33,124 - email_manager - INFO - EmailManager initialized and worker started.
2026-02-14 11:56:33,126 - email_manager - INFO - Enqueued email to fail@test.com
2026-02-14 11:56:33,135 - email_manager - INFO - Enqueued email to success@test.com
2026-02-14 11:56:33,138 - email_manager - INFO - Established new SMTP connection.
2026-02-14 11:56:33,139 - email_manager - ERROR - Unexpected error in email worker: name 'socket' is not defined
Traceback (most recent call last):
  File "C:\Users\Chef_Controle\Desktop\Dev\Python\Antigravity\Contragest\contragest\core\email_manager.py", line 121, in _worker
    email_service.send_message(server, task['subject'], task['body'], task['recipient'])
    ~~~~~~~~~~~~~~~~~~~~~~~~~~^^^^^^^^^^^^^^^^^^^^^^^^^^^^^^^^^^^^^^^^^^^^^^^^^^^^^^^^^^
  File "C:\Program Files\Python314\Lib\unittest\mock.py", line 1175, in __call__
    return self._mock_call(*args, **kwargs)
           ~~~~~~~~~~~~~~~^^^^^^^^^^^^^^^^^
  File "C:\Program Files\Python314\Lib\unittest\mock.py", line 1179, in _mock_call
    return self._execute_mock_call(*args, **kwargs)
           ~~~~~~~~~~~~~~~~~~~~~~~^^^^^^^^^^^^^^^^^
  File "C:\Program Files\Python314\Lib\unittest\mock.py", line 1240, in _execute_mock_call
    result = effect(*args, **kwargs)
  File "C:\Users\Chef_Controle\Desktop\Dev\Python\Antigravity\Contragest\test_email_reliability.py", line 27, in side_effect_send
    raise Exception("Simulated Failure")
Exception: Simulated Failure

During handling of the above exception, another exception occurred:

Traceback (most recent call last):
  File "C:\Users\Chef_Controle\Desktop\Dev\Python\Antigravity\Contragest\contragest\core\email_manager.py", line 124, in _worker
    except (smtplib.SMTPServerDisconnected, socket.error) as e:
                                            ^^^^^^
NameError: name 'socket' is not defined. Did you forget to import 'socket'?
2026-02-14 11:56:57,676 - email_manager - INFO - EmailManager initialized and worker started.
2026-02-14 11:56:57,677 - email_manager - INFO - Enqueued email to fail@test.com
2026-02-14 11:56:57,684 - email_manager - INFO - Enqueued email to success@test.com
2026-02-14 11:56:57,688 - email_manager - INFO - Established new SMTP connection.
2026-02-14 11:56:57,688 - email_manager - ERROR - Unexpected error in email worker: name 'socket' is not defined
Traceback (most recent call last):
  File "C:\Users\Chef_Controle\Desktop\Dev\Python\Antigravity\Contragest\contragest\core\email_manager.py", line 121, in _worker
    email_service.send_message(server, task['subject'], task['body'], task['recipient'])
    ~~~~~~~~~~~~~~~~~~~~~~~~~~^^^^^^^^^^^^^^^^^^^^^^^^^^^^^^^^^^^^^^^^^^^^^^^^^^^^^^^^^^
  File "C:\Program Files\Python314\Lib\unittest\mock.py", line 1175, in __call__
    return self._mock_call(*args, **kwargs)
           ~~~~~~~~~~~~~~~^^^^^^^^^^^^^^^^^
  File "C:\Program Files\Python314\Lib\unittest\mock.py", line 1179, in _mock_call
    return self._execute_mock_call(*args, **kwargs)
           ~~~~~~~~~~~~~~~~~~~~~~~^^^^^^^^^^^^^^^^^
  File "C:\Program Files\Python314\Lib\unittest\mock.py", line 1240, in _execute_mock_call
    result = effect(*args, **kwargs)
  File "C:\Users\Chef_Controle\Desktop\Dev\Python\Antigravity\Contragest\test_email_reliability.py", line 27, in side_effect_send
    raise Exception("Simulated Failure")
Exception: Simulated Failure

During handling of the above exception, another exception occurred:

Traceback (most recent call last):
  File "C:\Users\Chef_Controle\Desktop\Dev\Python\Antigravity\Contragest\contragest\core\email_manager.py", line 124, in _worker
    except (smtplib.SMTPServerDisconnected, socket.error) as e:
                                            ^^^^^^
NameError: name 'socket' is not defined. Did you forget to import 'socket'?
2026-02-14 11:57:10,694 - email_manager - INFO - EmailManager initialized and worker started.
2026-02-14 11:57:10,696 - email_manager - INFO - Enqueued email to fail@test.com
2026-02-14 11:57:10,704 - email_manager - INFO - Enqueued email to success@test.com
2026-02-14 11:57:10,707 - email_manager - INFO - Established new SMTP connection.
2026-02-14 11:57:10,707 - email_manager - ERROR - Unexpected error in email worker: name 'socket' is not defined
Traceback (most recent call last):
  File "C:\Users\Chef_Controle\Desktop\Dev\Python\Antigravity\Contragest\contragest\core\email_manager.py", line 121, in _worker
    email_service.send_message(server, task['subject'], task['body'], task['recipient'])
    ~~~~~~~~~~~~~~~~~~~~~~~~~~^^^^^^^^^^^^^^^^^^^^^^^^^^^^^^^^^^^^^^^^^^^^^^^^^^^^^^^^^^
  File "C:\Program Files\Python314\Lib\unittest\mock.py", line 1175, in __call__
    return self._mock_call(*args, **kwargs)
           ~~~~~~~~~~~~~~~^^^^^^^^^^^^^^^^^
  File "C:\Program Files\Python314\Lib\unittest\mock.py", line 1179, in _mock_call
    return self._execute_mock_call(*args, **kwargs)
           ~~~~~~~~~~~~~~~~~~~~~~~^^^^^^^^^^^^^^^^^
  File "C:\Program Files\Python314\Lib\unittest\mock.py", line 1240, in _execute_mock_call
    result = effect(*args, **kwargs)
  File "C:\Users\Chef_Controle\Desktop\Dev\Python\Antigravity\Contragest\test_email_reliability.py", line 27, in side_effect_send
    raise Exception("Simulated Failure")
Exception: Simulated Failure

During handling of the above exception, another exception occurred:

Traceback (most recent call last):
  File "C:\Users\Chef_Controle\Desktop\Dev\Python\Antigravity\Contragest\contragest\core\email_manager.py", line 124, in _worker
    except (smtplib.SMTPServerDisconnected, socket.error) as e:
                                            ^^^^^^
NameError: name 'socket' is not defined. Did you forget to import 'socket'?
2026-02-14 11:57:27,339 - email_manager - INFO - EmailManager initialized and worker started.
2026-02-14 11:57:27,340 - email_manager - INFO - Enqueued email to fail@test.com
2026-02-14 11:57:27,348 - email_manager - INFO - Enqueued email to success@test.com
2026-02-14 11:57:27,351 - email_manager - INFO - Established new SMTP connection.
2026-02-14 11:57:27,352 - email_manager - ERROR - Failed to send email to fail@test.com: Simulated Failure
2026-02-14 11:57:27,352 - email_manager - INFO - Scheduling retry 1/5 for fail@test.com in 2s. Reason: Simulated Failure
2026-02-14 11:57:27,353 - email_manager - INFO - Established new SMTP connection.
2026-02-14 11:57:27,354 - email_manager - INFO - Sent email to success@test.com
2026-02-14 11:58:44,646 - email_manager - INFO - EmailManager initialized and worker started.
2026-02-14 11:58:44,646 - email_manager - INFO - Enqueued email to ytboubaker1978@gmail.com
2026-02-14 11:58:44,806 - email_manager - INFO - Established new SMTP connection.
2026-02-14 11:58:44,848 - email_manager - INFO - Sent email to ytboubaker1978@gmail.com
2026-02-14 11:59:11,772 - alerts - INFO - Starting alert check. TODAY=2026-02-14, THRESHOLD=30 days (TARGET=2026-03-16)
2026-02-14 11:59:11,774 - alerts - INFO - Found 1 expiring contracts.
2026-02-14 11:59:11,775 - email_manager - INFO - Enqueued email to controle@saphirpalace.com.tn
2026-02-14 11:59:11,794 - alerts - INFO - Automated check complete. Recorded last_alert_date=2026-02-14
2026-02-14 11:59:11,824 - email_manager - INFO - Sent email to controle@saphirpalace.com.tn
2026-02-14 11:59:12,746 - main_window - INFO - Alert already sent or checked for today. Skipping startup check.
2026-02-14 12:16:06,255 - email_manager - INFO - EmailManager initialized and worker started.
2026-02-14 12:16:06,256 - email_manager - INFO - Enqueued email to ytboubaker1978@gmail.com
2026-02-14 12:16:06,424 - email_manager - INFO - Established new SMTP connection.
2026-02-14 12:16:06,467 - email_manager - INFO - Sent email to ytboubaker1978@gmail.com
2026-02-14 12:18:49,930 - email_manager - INFO - EmailManager initialized and worker started.
2026-02-14 12:18:49,931 - email_manager - INFO - Enqueued email to ytboubaker1978@gmail.com
2026-02-14 12:18:50,144 - email_manager - INFO - Established new SMTP connection.
2026-02-14 12:18:50,185 - email_manager - INFO - Sent email to ytboubaker1978@gmail.com
2026-02-14 12:20:53,225 - email_manager - INFO - EmailManager initialized and worker started.
2026-02-14 12:20:53,226 - email_manager - INFO - Enqueued email to fail@test.com
2026-02-14 12:20:53,234 - email_manager - INFO - Enqueued email to success@test.com
2026-02-14 12:20:53,238 - email_manager - INFO - Established new SMTP connection.
2026-02-14 12:20:53,238 - email_manager - ERROR - Failed to send email to fail@test.com: Simulated Failure
2026-02-14 12:20:53,238 - email_manager - INFO - Scheduling retry 1/5 for fail@test.com in 2s. Reason: Simulated Failure
2026-02-14 12:20:53,240 - email_manager - INFO - Established new SMTP connection.
2026-02-14 12:20:53,240 - email_manager - INFO - Sent email to success@test.com
2026-02-14 12:21:45,120 - email_manager - INFO - EmailManager initialized and worker started.
2026-02-14 12:21:45,121 - email_manager - INFO - Enqueued email to ytboubaker1978@gmail.com
2026-02-14 12:21:45,283 - email_manager - INFO - Established new SMTP connection.
2026-02-14 12:21:45,330 - email_manager - INFO - Sent email to ytboubaker1978@gmail.com
2026-02-14 12:22:10,034 - alerts - INFO - Starting alert check. TODAY=2026-02-14, THRESHOLD=30 days (TARGET=2026-03-16)
2026-02-14 12:22:10,036 - alerts - INFO - Found 1 expiring contracts.
2026-02-14 12:22:10,037 - email_manager - INFO - Enqueued email to controle@saphirpalace.com.tn
2026-02-14 12:22:10,052 - alerts - INFO - Automated check complete. Recorded last_alert_date=2026-02-14
2026-02-14 12:22:10,079 - email_manager - INFO - Sent email to controle@saphirpalace.com.tn
2026-02-14 12:22:11,022 - main_window - INFO - Alert already sent or checked for today. Skipping startup check.
2026-02-14 12:25:35,648 - main_window - INFO - Alert already sent or checked for today. Skipping startup check.
2026-02-14 12:26:44,492 - main_window - INFO - Manual alert trigger initiated by user.
2026-02-14 12:26:44,493 - alerts - INFO - Starting alert check. TODAY=2026-02-14, THRESHOLD=30 days (TARGET=2026-03-16)
2026-02-14 12:26:44,494 - alerts - INFO - Found 1 expiring contracts.
2026-02-14 12:26:44,495 - email_manager - INFO - Enqueued email to controle@saphirpalace.com.tn
2026-02-14 12:26:44,693 - email_manager - INFO - Established new SMTP connection.
2026-02-14 12:26:44,732 - email_manager - INFO - Sent email to controle@saphirpalace.com.tn
2026-02-15 08:06:54,255 - main_window - INFO - Startup check before scheduled time (11:05). Skipping to allow precise scheduler to run later.
2026-02-15 08:07:00,538 - email_manager - INFO - EmailManager initialized and worker started.
2026-02-15 08:07:00,538 - email_manager - INFO - Enqueued email to test@modular.com
2026-02-15 08:07:00,730 - email_manager - INFO - Established new SMTP connection.
2026-02-15 09:39:26,609 - main_window - INFO - Startup check before scheduled time (11:05). Skipping to allow precise scheduler to run later.
2026-02-15 09:59:29,465 - email_manager - INFO - EmailManager initialized and worker started.
2026-02-15 09:59:29,466 - email_manager - INFO - Enqueued email to testauth@example.com
2026-02-15 09:59:29,656 - email_manager - INFO - Established new SMTP connection.
2026-02-15 09:59:29,693 - email_manager - INFO - Sent email to testauth@example.com
2026-02-15 09:59:29,753 - email_manager - INFO - Enqueued email to testauth@example.com
2026-02-15 09:59:29,789 - email_manager - INFO - Sent email to testauth@example.com
2026-02-15 09:59:30,483 - email_manager - INFO - Enqueued email to testauth@example.com
2026-02-15 09:59:30,520 - email_manager - INFO - Sent email to testauth@example.com
2026-02-15 09:59:30,830 - email_manager - INFO - Enqueued email to testauth@example.com
2026-02-15 09:59:30,868 - email_manager - INFO - Sent email to testauth@example.com
2026-02-15 09:59:54,355 - email_manager - INFO - EmailManager initialized and worker started.
2026-02-15 09:59:54,355 - email_manager - INFO - Enqueued email to testauth@example.com
2026-02-15 09:59:54,517 - email_manager - INFO - Established new SMTP connection.
2026-02-15 09:59:54,552 - email_manager - INFO - Sent email to testauth@example.com
2026-02-15 09:59:54,649 - email_manager - INFO - Enqueued email to testauth@example.com
2026-02-15 09:59:54,688 - email_manager - INFO - Sent email to testauth@example.com
2026-02-15 09:59:55,441 - email_manager - INFO - Enqueued email to testauth@example.com
2026-02-15 09:59:55,475 - email_manager - INFO - Sent email to testauth@example.com
2026-02-15 09:59:55,681 - email_manager - INFO - Enqueued email to testauth@example.com
2026-02-15 09:59:55,723 - email_manager - INFO - Sent email to testauth@example.com
2026-02-15 10:01:53,016 - main_window - INFO - Startup check before scheduled time (11:05). Skipping to allow precise scheduler to run later.
2026-02-15 10:14:05,572 - main_window - INFO - Startup check before scheduled time (11:05). Skipping to allow precise scheduler to run later.
2026-02-15 10:15:44,352 - main_window - INFO - Startup check before scheduled time (11:05). Skipping to allow precise scheduler to run later.
2026-02-15 14:48:13,130 - alerts - INFO - Starting alert check. TODAY=2026-02-15, THRESHOLD=30 days (TARGET=2026-03-17)
2026-02-15 14:48:13,132 - alerts - INFO - Found 1 expiring contracts.
2026-02-15 14:48:13,134 - email_manager - INFO - EmailManager initialized and worker started.
2026-02-15 14:48:13,134 - email_manager - INFO - Enqueued email to controle@saphirpalace.com.tn
2026-02-15 14:48:13,165 - alerts - INFO - Automated check complete. Recorded last_alert_date=2026-02-15
2026-02-15 14:48:13,599 - email_manager - INFO - Established new SMTP connection.
2026-02-15 14:48:13,656 - email_manager - INFO - Sent email to controle@saphirpalace.com.tn
2026-02-15 14:48:14,112 - main_window - INFO - Alert already sent or checked for today. Skipping startup check.
2026-02-15 15:00:00,242 - alerts - INFO - Starting alert check. TODAY=2026-02-15, THRESHOLD=30 days (TARGET=2026-03-17)
2026-02-15 15:00:00,244 - alerts - INFO - Found 2 expiring contracts.
2026-02-15 15:00:00,246 - email_manager - INFO - Enqueued email to controle@saphirpalace.com.tn
2026-02-15 15:00:00,268 - alerts - INFO - Automated check complete. Recorded last_alert_date=2026-02-15
2026-02-15 15:00:00,401 - email_manager - INFO - Established new SMTP connection.
2026-02-15 15:00:00,444 - email_manager - INFO - Sent email to controle@saphirpalace.com.tn
2026-02-15 15:04:18,786 - main_window - INFO - Manual alert trigger initiated by user.
2026-02-15 15:04:18,787 - alerts - INFO - Starting alert check. TODAY=2026-02-15, THRESHOLD=30 days (TARGET=2026-03-17)
2026-02-15 15:04:18,788 - alerts - INFO - Found 2 expiring contracts.
2026-02-15 15:04:18,790 - email_manager - INFO - Enqueued email to controle@saphirpalace.com.tn
2026-02-15 15:04:18,939 - email_manager - INFO - Established new SMTP connection.
2026-02-15 15:04:18,992 - email_manager - INFO - Sent email to controle@saphirpalace.com.tn
2026-02-15 15:04:57,224 - alerts - INFO - Starting alert check. TODAY=2026-02-15, THRESHOLD=30 days (TARGET=2026-03-17)
2026-02-15 15:04:57,226 - alerts - INFO - Found 2 expiring contracts.
2026-02-15 15:04:57,229 - email_manager - INFO - Enqueued email to controle@saphirpalace.com.tn
2026-02-15 15:04:57,251 - alerts - INFO - Automated check complete. Recorded last_alert_date=2026-02-15
2026-02-15 15:04:57,415 - email_manager - INFO - Established new SMTP connection.
2026-02-15 15:04:57,454 - email_manager - INFO - Sent email to controle@saphirpalace.com.tn
2026-02-16 07:00:00,192 - alerts - INFO - Starting alert check. TODAY=2026-02-16, THRESHOLD=30 days (TARGET=2026-03-18)
2026-02-16 07:00:00,196 - alerts - INFO - Found 2 expiring contracts.
2026-02-16 07:00:00,202 - email_manager - INFO - Enqueued email to controle@saphirpalace.com.tn
2026-02-16 07:00:00,223 - alerts - INFO - Automated check complete. Recorded last_alert_date=2026-02-16
2026-02-16 07:00:00,374 - email_manager - INFO - Established new SMTP connection.
2026-02-16 07:00:00,449 - email_manager - INFO - Sent email to controle@saphirpalace.com.tn
2026-02-16 14:49:54,493 - main_window - INFO - Manual alert trigger initiated by user.
2026-02-16 14:49:54,495 - alerts - INFO - Starting alert check. TODAY=2026-02-16, THRESHOLD=30 days (TARGET=2026-03-18)
2026-02-16 14:49:54,496 - alerts - INFO - Found 2 expiring contracts.
2026-02-16 14:49:54,497 - email_manager - INFO - Enqueued email to controle@saphirpalace.com.tn
2026-02-16 14:49:54,654 - email_manager - INFO - Established new SMTP connection.
2026-02-16 14:49:54,696 - email_manager - INFO - Sent email to controle@saphirpalace.com.tn
2026-02-16 14:50:38,444 - main_window - INFO - Alert already sent or checked for today. Skipping startup check.
2026-02-18 11:55:07,558 - alerts - INFO - Starting alert check. TODAY=2026-02-18, THRESHOLD=30 days (TARGET=2026-03-20)
2026-02-18 11:55:07,561 - alerts - INFO - Found 2 expiring contracts.
2026-02-18 11:55:07,564 - email_manager - INFO - EmailManager initialized and worker started.
2026-02-18 11:55:07,564 - email_manager - INFO - Enqueued email to controle@saphirpalace.com.tn
2026-02-18 11:55:07,592 - alerts - INFO - Automated check complete. Recorded last_alert_date=2026-02-18
2026-02-18 11:55:07,875 - email_manager - INFO - Established new SMTP connection.
2026-02-18 11:55:07,924 - email_manager - INFO - Sent email to controle@saphirpalace.com.tn
2026-02-18 11:55:08,536 - main_window - INFO - Alert already sent or checked for today. Skipping startup check.
2026-02-18 11:59:19,917 - email_manager - INFO - Enqueued email to ytboubaker1978@gmail.com
2026-02-18 11:59:20,077 - email_manager - INFO - Established new SMTP connection.
2026-02-18 11:59:20,114 - email_manager - INFO - Sent email to ytboubaker1978@gmail.com
2026-02-18 12:10:04,566 - email_manager - INFO - EmailManager initialized and worker started.
2026-02-18 12:10:04,567 - email_manager - INFO - Enqueued email to fail@test.com
2026-02-18 12:10:04,575 - email_manager - INFO - Enqueued email to success@test.com
2026-02-18 12:10:04,579 - email_manager - INFO - Established new SMTP connection.
2026-02-18 12:10:04,579 - email_manager - ERROR - Failed to send email to fail@test.com (ID: 2540794165456): Simulated Failure
Traceback (most recent call last):
  File "C:\Users\Chef_Controle\Desktop\Dev\Python\Antigravity\Contragest\contragest\core\email_manager.py", line 123, in _worker
    email_service.send_message(server, task['subject'], task['body'], task['recipient'])
    ~~~~~~~~~~~~~~~~~~~~~~~~~~^^^^^^^^^^^^^^^^^^^^^^^^^^^^^^^^^^^^^^^^^^^^^^^^^^^^^^^^^^
  File "C:\Program Files\Python314\Lib\unittest\mock.py", line 1175, in __call__
    return self._mock_call(*args, **kwargs)
           ~~~~~~~~~~~~~~~^^^^^^^^^^^^^^^^^
  File "C:\Program Files\Python314\Lib\unittest\mock.py", line 1179, in _mock_call
    return self._execute_mock_call(*args, **kwargs)
           ~~~~~~~~~~~~~~~~~~~~~~~^^^^^^^^^^^^^^^^^
  File "C:\Program Files\Python314\Lib\unittest\mock.py", line 1240, in _execute_mock_call
    result = effect(*args, **kwargs)
  File "C:\Users\Chef_Controle\Desktop\Dev\Python\Antigravity\Contragest\test_email_reliability.py", line 27, in side_effect_send
    raise Exception("Simulated Failure")
Exception: Simulated Failure
2026-02-18 12:10:04,584 - email_manager - INFO - Scheduling retry 1/5 for fail@test.com in 2s. Reason: Simulated Failure
2026-02-18 12:10:04,585 - email_manager - INFO - Established new SMTP connection.
2026-02-18 12:10:04,586 - email_manager - INFO - Sent email to success@test.com
2026-02-18 12:11:04,195 - email_manager - INFO - EmailManager initialized and worker started.
2026-02-18 12:11:04,195 - email_manager - INFO - Enqueued email to ytboubaker1978@gmail.com
2026-02-18 12:11:04,369 - email_manager - INFO - Established new SMTP connection.
2026-02-18 12:11:04,442 - email_manager - INFO - Sent email to ytboubaker1978@gmail.com
2026-02-18 12:12:06,378 - email_manager - INFO - Enqueued email to ytboubaker1978@gmail.com
2026-02-18 12:12:06,523 - email_manager - INFO - Established new SMTP connection.
2026-02-18 12:12:06,563 - email_manager - INFO - Sent email to ytboubaker1978@gmail.com
2026-02-18 12:23:20,228 - email_manager - INFO - EmailManager initialized and worker started.
2026-02-18 12:23:20,228 - email_manager - INFO - Enqueued email to debug_debug_user_0210c17f@example.com
2026-02-18 12:23:48,036 - email_manager - INFO - EmailManager initialized and worker started.
2026-02-18 12:23:48,036 - email_manager - INFO - Enqueued email to testauth@example.com
2026-02-18 12:23:48,205 - email_manager - INFO - Established new SMTP connection.
2026-02-18 12:23:48,252 - email_manager - INFO - Sent email to testauth@example.com
2026-02-18 12:23:48,320 - email_manager - INFO - Enqueued email to testauth@example.com
2026-02-18 12:23:48,360 - email_manager - INFO - Sent email to testauth@example.com
2026-02-18 12:23:49,070 - email_manager - INFO - Enqueued email to testauth@example.com
2026-02-18 12:23:49,110 - email_manager - INFO - Sent email to testauth@example.com
2026-02-18 12:23:49,318 - email_manager - INFO - Enqueued email to testauth@example.com
2026-02-18 12:23:49,368 - email_manager - INFO - Sent email to testauth@example.com
2026-02-18 12:25:28,185 - email_manager - INFO - EmailManager initialized and worker started.
2026-02-18 12:25:28,186 - email_manager - INFO - Enqueued email to ytboubaker1978@gmail.com
2026-02-18 12:25:28,366 - email_manager - INFO - Established new SMTP connection.
2026-02-18 12:25:28,420 - email_manager - INFO - Sent email to ytboubaker1978@gmail.com
2026-02-18 12:26:57,544 - email_manager - INFO - Enqueued email to ytboubaker1978@gmail.com
2026-02-18 12:26:57,703 - email_manager - INFO - Established new SMTP connection.
2026-02-18 12:26:57,748 - email_manager - INFO - Sent email to ytboubaker1978@gmail.com
2026-02-18 12:27:25,318 - alerts - INFO - Starting alert check. TODAY=2026-02-18, THRESHOLD=30 days (TARGET=2026-03-20)
2026-02-18 12:27:25,321 - alerts - INFO - Found 2 expiring contracts.
2026-02-18 12:27:25,324 - email_manager - INFO - Enqueued email to controle@saphirpalace.com.tn
2026-02-18 12:27:25,342 - alerts - INFO - Automated check complete. Recorded last_alert_date=2026-02-18
2026-02-18 12:27:25,363 - email_manager - INFO - Sent email to controle@saphirpalace.com.tn
2026-02-18 12:27:26,302 - main_window - INFO - Alert already sent or checked for today. Skipping startup check.
2026-02-18 12:33:30,912 - email_manager - INFO - EmailManager initialized with 3 workers.
2026-02-18 12:33:30,913 - email_manager - INFO - Enqueued email to test_1@example.com (Task ID: 2600621436080-1771414410)
2026-02-18 12:33:30,924 - email_manager - INFO - Enqueued email to test_2@example.com (Task ID: 2600622253744-1771414410)
2026-02-18 12:33:30,924 - email_manager - INFO - Enqueued email to test_3@example.com (Task ID: 2602748460336-1771414410)
2026-02-18 12:33:30,928 - email_manager - INFO - Enqueued email to test_4@example.com (Task ID: 2600622531952-1771414410)
2026-02-18 12:33:30,930 - email_manager - INFO - Enqueued email to test_5@example.com (Task ID: 2600622478704-1771414410)
2026-02-18 12:33:30,931 - email_manager - INFO - Enqueued email to test_6@example.com (Task ID: 2600617296752-1771414410)
2026-02-18 12:33:31,093 - email_manager - INFO - EmailWorker-1: Established new SMTP connection.
2026-02-18 12:33:31,108 - email_manager - INFO - EmailWorker-0: Established new SMTP connection.
2026-02-18 12:33:31,109 - email_manager - INFO - EmailWorker-2: Established new SMTP connection.
2026-02-18 12:33:31,135 - email_manager - INFO - Sent email to test_2@example.com | Queue Latency: 0.17s | Send Duration: 0.04s
2026-02-18 12:33:31,153 - email_manager - INFO - Sent email to test_1@example.com | Queue Latency: 0.20s | Send Duration: 0.04s
2026-02-18 12:33:31,153 - email_manager - INFO - Sent email to test_3@example.com | Queue Latency: 0.19s | Send Duration: 0.04s
2026-02-18 12:33:31,181 - email_manager - INFO - Sent email to test_4@example.com | Queue Latency: 0.21s | Send Duration: 0.04s
2026-02-18 12:33:31,199 - email_manager - INFO - Sent email to test_5@example.com | Queue Latency: 0.23s | Send Duration: 0.04s
2026-02-18 12:33:31,199 - email_manager - INFO - Sent email to test_6@example.com | Queue Latency: 0.23s | Send Duration: 0.04s
2026-02-18 12:35:31,379 - email_manager - INFO - EmailManager initialized with 3 workers.
2026-02-18 12:35:31,379 - email_manager - INFO - Enqueued email to ytboubaker1978@gmail.com (Task ID: 1995690784720-1771414531)
2026-02-18 12:35:31,583 - email_manager - INFO - EmailWorker-0: Established new SMTP connection.
2026-02-18 12:35:31,625 - email_manager - INFO - Sent email to ytboubaker1978@gmail.com | Queue Latency: 0.20s | Send Duration: 0.04s
2026-02-18 12:36:36,934 - email_manager - INFO - Enqueued email to ytboubaker1978@gmail.com (Task ID: 1995690706352-1771414596)
2026-02-18 12:36:37,094 - email_manager - INFO - EmailWorker-0: Established new SMTP connection.
2026-02-18 12:36:37,136 - email_manager - INFO - Sent email to ytboubaker1978@gmail.com | Queue Latency: 0.16s | Send Duration: 0.04s
2026-02-18 12:36:56,620 - main_window - INFO - Alert already sent or checked for today. Skipping startup check.
2026-02-18 12:38:17,794 - main_window - INFO - Alert already sent or checked for today. Skipping startup check.
2026-02-18 12:57:21,299 - main_window - INFO - Alert already sent or checked for today. Skipping startup check.
2026-02-18 12:58:28,139 - main_window - INFO - Alert already sent or checked for today. Skipping startup check.
2026-02-18 13:42:01,092 - main_window - INFO - Alert already sent or checked for today. Skipping startup check.
2026-02-18 14:28:57,721 - main_window - INFO - Alert already sent or checked for today. Skipping startup check.
2026-02-18 14:32:21,800 - main_window - INFO - Alert already sent or checked for today. Skipping startup check.
2026-02-18 14:32:37,904 - main_window - INFO - Alert already sent or checked for today. Skipping startup check.
2026-02-18 14:33:05,945 - main_window - INFO - Manual alert trigger initiated by user.
2026-02-18 14:33:05,946 - alerts - INFO - Starting alert check. TODAY=2026-02-18, THRESHOLD=30 days (TARGET=2026-03-20)
2026-02-18 14:33:05,948 - alerts - INFO - Found 2 expiring contracts.
2026-02-18 14:33:05,951 - email_manager - INFO - EmailManager initialized with 3 workers.
2026-02-18 14:33:05,951 - email_manager - INFO - Enqueued email to controle@saphirpalace.com.tn (Task ID: 2689307672080-1771421585)
2026-02-18 14:33:06,137 - email_manager - INFO - EmailWorker-0: Established new SMTP connection.
2026-02-18 14:33:06,186 - email_manager - INFO - Sent email to controle@saphirpalace.com.tn | Queue Latency: 0.19s | Send Duration: 0.05s
2026-02-18 14:33:34,218 - main_window - INFO - Alert already sent or checked for today. Skipping startup check.
2026-02-18 14:33:46,770 - main_window - INFO - Alert already sent or checked for today. Skipping startup check.
2026-02-18 14:44:56,114 - main_window - INFO - Alert already sent or checked for today. Skipping startup check.
2026-02-18 14:49:10,796 - main_window - INFO - Alert already sent or checked for today. Skipping startup check.
2026-02-18 14:51:04,853 - main_window - INFO - Manual alert trigger initiated by user.
2026-02-18 14:51:04,854 - alerts - INFO - Starting alert check. TODAY=2026-02-18, THRESHOLD=15 days (TARGET=2026-03-05)
2026-02-18 14:51:04,855 - alerts - INFO - Found 1 expiring contracts.
2026-02-18 14:51:04,857 - email_manager - INFO - EmailManager initialized with 3 workers.
2026-02-18 14:51:04,858 - email_manager - INFO - Enqueued email to controle@saphirpalace.com.tn (Task ID: 1606725198480-1771422664)
2026-02-18 14:51:05,078 - email_manager - INFO - EmailWorker-0: Established new SMTP connection.
2026-02-18 14:51:05,120 - email_manager - INFO - Sent email to controle@saphirpalace.com.tn | Queue Latency: 0.22s | Send Duration: 0.04s
2026-02-18 15:17:38,523 - main_window - INFO - Alert already sent or checked for today. Skipping startup check.
2026-02-18 15:18:11,361 - main_window - INFO - Manual alert trigger initiated by user.
2026-02-18 15:18:11,362 - alerts - INFO - Starting alert check. TODAY=2026-02-18, THRESHOLD=15 days (TARGET=2026-03-05)
2026-02-18 15:18:11,363 - alerts - INFO - Found 2 expiring contracts.
2026-02-18 15:18:11,365 - email_manager - INFO - EmailManager initialized with 3 workers.
2026-02-18 15:18:11,366 - email_manager - INFO - Enqueued email to controle@saphirpalace.com.tn (Task ID: 1620309993600-1771424291)
2026-02-18 15:18:11,536 - email_manager - INFO - EmailWorker-0: Established new SMTP connection.
2026-02-18 15:18:11,575 - email_manager - INFO - Sent email to controle@saphirpalace.com.tn | Queue Latency: 0.17s | Send Duration: 0.04s
2026-02-18 15:21:17,194 - alerts - INFO - Starting alert check. TODAY=2026-02-18, TARGET_15D=2026-03-05
2026-02-18 15:21:17,197 - alerts - INFO - Found 2 expiring and 1 expired contracts.
2026-02-18 15:21:17,201 - email_manager - INFO - EmailManager initialized with 3 workers.
2026-02-18 15:21:17,202 - email_manager - INFO - Enqueued email to controle@saphirpalace.com.tn (Task ID: 2694518950864-1771424477)
2026-02-18 15:21:44,354 - main_window - INFO - Alert already sent or checked for today. Skipping startup check.
2026-02-18 15:21:48,775 - main_window - INFO - Manual alert trigger initiated by user.
2026-02-18 15:21:48,776 - alerts - INFO - Starting alert check. TODAY=2026-02-18, TARGET_15D=2026-03-05
2026-02-18 15:21:48,779 - alerts - INFO - Found 2 expiring and 1 expired contracts.
2026-02-18 15:21:48,781 - email_manager - INFO - EmailManager initialized with 3 workers.
2026-02-18 15:21:48,782 - email_manager - INFO - Enqueued email to controle@saphirpalace.com.tn (Task ID: 1770654272944-1771424508)
2026-02-18 15:21:48,986 - email_manager - INFO - EmailWorker-0: Established new SMTP connection.
2026-02-18 15:21:48,987 - email_manager - ERROR - Failed to send email to controle@saphirpalace.com.tn (ID: 1770654272944-1771424508): Failed to send message to controle@saphirpalace.com.tn: cannot access local variable 'os' where it is not associated with a value
Traceback (most recent call last):
  File "C:\Users\Chef_Controle\Desktop\Dev\Python\Antigravity\Contragest\contragest\core\email_service.py", line 107, in send_message
    if logo_path and os.path.exists(logo_path):
                     ^^
UnboundLocalError: cannot access local variable 'os' where it is not associated with a value

During handling of the above exception, another exception occurred:

Traceback (most recent call last):
  File "C:\Users\Chef_Controle\Desktop\Dev\Python\Antigravity\Contragest\contragest\core\email_manager.py", line 129, in _worker
    email_service.send_message(
    ~~~~~~~~~~~~~~~~~~~~~~~~~~^
        server,
        ^^^^^^^
    ...<3 lines>...
        logo_path=task.get('logo_path')
        ^^^^^^^^^^^^^^^^^^^^^^^^^^^^^^^
    )
    ^
  File "C:\Users\Chef_Controle\Desktop\Dev\Python\Antigravity\Contragest\contragest\core\email_service.py", line 122, in send_message
    raise EmailSendingError(f"Failed to send message to {recipient}: {e}")
contragest.core.exceptions.EmailSendingError: Failed to send message to controle@saphirpalace.com.tn: cannot access local variable 'os' where it is not associated with a value
2026-02-18 15:21:48,989 - email_manager - INFO - Scheduling retry 1/5 for controle@saphirpalace.com.tn in 2.9s. Reason: Failed to send message to controle@saphirpalace.com.tn: cannot access local variable 'os' where it is not associated with a value
2026-02-18 15:21:52,002 - email_manager - INFO - Moving retry task for controle@saphirpalace.com.tn back to main queue.
2026-02-18 15:21:52,137 - email_manager - INFO - EmailWorker-0: Established new SMTP connection.
2026-02-18 15:21:52,137 - email_manager - ERROR - Failed to send email to controle@saphirpalace.com.tn (ID: 1770654272944-1771424508): Failed to send message to controle@saphirpalace.com.tn: cannot access local variable 'os' where it is not associated with a value
Traceback (most recent call last):
  File "C:\Users\Chef_Controle\Desktop\Dev\Python\Antigravity\Contragest\contragest\core\email_service.py", line 107, in send_message
    if logo_path and os.path.exists(logo_path):
                     ^^
UnboundLocalError: cannot access local variable 'os' where it is not associated with a value

During handling of the above exception, another exception occurred:

Traceback (most recent call last):
  File "C:\Users\Chef_Controle\Desktop\Dev\Python\Antigravity\Contragest\contragest\core\email_manager.py", line 129, in _worker
    email_service.send_message(
    ~~~~~~~~~~~~~~~~~~~~~~~~~~^
        server,
        ^^^^^^^
    ...<3 lines>...
        logo_path=task.get('logo_path')
        ^^^^^^^^^^^^^^^^^^^^^^^^^^^^^^^
    )
    ^
  File "C:\Users\Chef_Controle\Desktop\Dev\Python\Antigravity\Contragest\contragest\core\email_service.py", line 122, in send_message
    raise EmailSendingError(f"Failed to send message to {recipient}: {e}")
contragest.core.exceptions.EmailSendingError: Failed to send message to controle@saphirpalace.com.tn: cannot access local variable 'os' where it is not associated with a value
2026-02-18 15:21:52,139 - email_manager - INFO - Scheduling retry 2/5 for controle@saphirpalace.com.tn in 5.5s. Reason: Failed to send message to controle@saphirpalace.com.tn: cannot access local variable 'os' where it is not associated with a value
2026-02-18 15:21:57,847 - email_manager - INFO - Moving retry task for controle@saphirpalace.com.tn back to main queue.
2026-02-18 15:21:58,052 - email_manager - INFO - EmailWorker-1: Established new SMTP connection.
2026-02-18 15:21:58,053 - email_manager - ERROR - Failed to send email to controle@saphirpalace.com.tn (ID: 1770654272944-1771424508): Failed to send message to controle@saphirpalace.com.tn: cannot access local variable 'os' where it is not associated with a value
Traceback (most recent call last):
  File "C:\Users\Chef_Controle\Desktop\Dev\Python\Antigravity\Contragest\contragest\core\email_service.py", line 107, in send_message
    if logo_path and os.path.exists(logo_path):
                     ^^
UnboundLocalError: cannot access local variable 'os' where it is not associated with a value

During handling of the above exception, another exception occurred:

Traceback (most recent call last):
  File "C:\Users\Chef_Controle\Desktop\Dev\Python\Antigravity\Contragest\contragest\core\email_manager.py", line 129, in _worker
    email_service.send_message(
    ~~~~~~~~~~~~~~~~~~~~~~~~~~^
        server,
        ^^^^^^^
    ...<3 lines>...
        logo_path=task.get('logo_path')
        ^^^^^^^^^^^^^^^^^^^^^^^^^^^^^^^
    )
    ^
  File "C:\Users\Chef_Controle\Desktop\Dev\Python\Antigravity\Contragest\contragest\core\email_service.py", line 122, in send_message
    raise EmailSendingError(f"Failed to send message to {recipient}: {e}")
contragest.core.exceptions.EmailSendingError: Failed to send message to controle@saphirpalace.com.tn: cannot access local variable 'os' where it is not associated with a value
2026-02-18 15:21:58,057 - email_manager - INFO - Scheduling retry 3/5 for controle@saphirpalace.com.tn in 11.9s. Reason: Failed to send message to controle@saphirpalace.com.tn: cannot access local variable 'os' where it is not associated with a value
2026-02-18 15:22:42,212 - alerts - INFO - Starting alert check. TODAY=2026-02-18, TARGET_15D=2026-03-05
2026-02-18 15:22:42,238 - alerts - INFO - Found 2 expiring and 1 expired contracts.
2026-02-18 15:22:42,243 - email_manager - INFO - EmailManager initialized with 3 workers.
2026-02-18 15:22:42,243 - email_manager - INFO - Enqueued email to controle@saphirpalace.com.tn (Task ID: 1536251345104-1771424562)
2026-02-18 15:23:10,400 - main_window - INFO - Alert already sent or checked for today. Skipping startup check.
2026-02-18 15:23:12,223 - main_window - INFO - Manual alert trigger initiated by user.
2026-02-18 15:23:12,224 - alerts - INFO - Starting alert check. TODAY=2026-02-18, TARGET_15D=2026-03-05
2026-02-18 15:23:12,226 - alerts - INFO - Found 2 expiring and 1 expired contracts.
2026-02-18 15:23:12,229 - email_manager - INFO - EmailManager initialized with 3 workers.
2026-02-18 15:23:12,229 - email_manager - INFO - Enqueued email to controle@saphirpalace.com.tn (Task ID: 1688280502256-1771424592)
2026-02-18 15:23:12,384 - email_manager - INFO - EmailWorker-0: Established new SMTP connection.
2026-02-18 15:23:12,937 - email_manager - INFO - Sent email to controle@saphirpalace.com.tn | Queue Latency: 0.16s | Send Duration: 0.55s
2026-02-18 15:27:12,709 - main_window - INFO - Manual alert trigger initiated by user.
2026-02-18 15:27:12,710 - alerts - INFO - Starting alert check. TODAY=2026-02-18, TARGET_15D=2026-03-05
2026-02-18 15:27:12,711 - alerts - INFO - Found 2 expiring and 1 expired contracts.
2026-02-18 15:27:12,712 - email_manager - INFO - Enqueued email to controle@saphirpalace.com.tn (Task ID: 1688280506576-1771424832)
2026-02-18 15:27:12,865 - email_manager - INFO - EmailWorker-0: Established new SMTP connection.
2026-02-18 15:27:13,467 - email_manager - INFO - Sent email to controle@saphirpalace.com.tn | Queue Latency: 0.15s | Send Duration: 0.60s
2026-02-18 15:28:21,022 - main_window - INFO - Alert already sent or checked for today. Skipping startup check.
2026-02-18 17:55:05,395 - main_window - INFO - Alert already sent or checked for today. Skipping startup check.
2026-02-18 17:58:58,140 - main_window - INFO - Alert already sent or checked for today. Skipping startup check.
2026-02-19 07:00:00,801 - alerts - INFO - Starting alert check. TODAY=2026-02-19, TARGET_15D=2026-03-06
2026-02-19 07:00:00,818 - alerts - INFO - Found 2 expiring and 1 expired contracts.
2026-02-19 07:00:00,821 - email_manager - INFO - EmailManager initialized with 3 workers.
2026-02-19 07:00:00,822 - email_manager - INFO - Enqueued email to controle@saphirpalace.com.tn (Task ID: 1834131539600-1771480800)
2026-02-19 07:00:00,853 - alerts - INFO - Automated check complete. Recorded last_alert_date=2026-02-19
2026-02-19 07:00:01,047 - email_manager - INFO - EmailWorker-0: Established new SMTP connection.
2026-02-19 07:00:01,797 - email_manager - INFO - Sent email to controle@saphirpalace.com.tn | Queue Latency: 0.23s | Send Duration: 0.75s
2026-02-19 07:37:02,697 - main_window - INFO - Alert already sent or checked for today. Skipping startup check.
2026-02-19 07:49:20,596 - main_window - INFO - Alert already sent or checked for today. Skipping startup check.
2026-02-19 07:52:35,395 - main_window - INFO - Alert already sent or checked for today. Skipping startup check.
2026-02-19 07:55:31,112 - main_window - INFO - Alert already sent or checked for today. Skipping startup check.
2026-02-19 07:56:05,311 - main_window - INFO - Manual alert trigger initiated by user.
2026-02-19 07:56:05,312 - alerts - INFO - Starting alert check. TODAY=2026-02-19, TARGET_15D=2026-03-06
2026-02-19 07:56:05,342 - alerts - INFO - Found 2 expiring and 1 expired contracts.
2026-02-19 07:56:05,346 - email_manager - INFO - EmailManager initialized with 3 workers.
2026-02-19 07:56:05,346 - email_manager - INFO - Enqueued email to controle@saphirpalace.com.tn (Task ID: 2279686027568-1771484165)
2026-02-19 07:56:05,529 - email_manager - INFO - EmailWorker-0: Established new SMTP connection.
2026-02-19 07:56:06,156 - email_manager - INFO - Sent email to controle@saphirpalace.com.tn | Queue Latency: 0.18s | Send Duration: 0.63s
2026-02-19 07:58:45,736 - main_window - INFO - Alert already sent or checked for today. Skipping startup check.
2026-02-19 08:00:15,838 - main_window - INFO - Alert already sent or checked for today. Skipping startup check.
2026-02-19 08:01:57,101 - main_window - INFO - Alert already sent or checked for today. Skipping startup check.
2026-02-19 08:04:34,274 - main_window - INFO - Alert already sent or checked for today. Skipping startup check.
2026-02-19 08:05:58,659 - main_window - INFO - Alert already sent or checked for today. Skipping startup check.
2026-02-19 08:07:38,530 - main_window - INFO - Alert already sent or checked for today. Skipping startup check.
2026-02-19 08:09:18,204 - main_window - INFO - Alert already sent or checked for today. Skipping startup check.
2026-02-19 08:10:13,001 - main_window - INFO - Alert already sent or checked for today. Skipping startup check.
2026-02-19 08:10:52,982 - main_window - INFO - Alert already sent or checked for today. Skipping startup check.
2026-02-19 08:12:22,415 - main_window - INFO - Alert already sent or checked for today. Skipping startup check.
2026-02-19 08:13:25,915 - main_window - INFO - Alert already sent or checked for today. Skipping startup check.
2026-02-19 08:15:51,607 - main_window - INFO - Alert already sent or checked for today. Skipping startup check.
2026-02-19 08:17:18,824 - main_window - INFO - Alert already sent or checked for today. Skipping startup check.
2026-02-19 08:18:10,015 - main_window - INFO - Alert already sent or checked for today. Skipping startup check.
2026-02-19 08:21:39,373 - main_window - INFO - Alert already sent or checked for today. Skipping startup check.
2026-02-19 08:21:56,959 - main_window - INFO - Alert already sent or checked for today. Skipping startup check.
2026-02-19 08:26:32,338 - main_window - INFO - Alert already sent or checked for today. Skipping startup check.
2026-02-19 08:31:58,281 - main_window - INFO - Alert already sent or checked for today. Skipping startup check.
2026-02-19 08:35:57,846 - main_window - INFO - Alert already sent or checked for today. Skipping startup check.
2026-02-19 08:45:18,854 - main_window - INFO - Alert already sent or checked for today. Skipping startup check.
2026-02-19 08:45:59,112 - main_window - INFO - Alert already sent or checked for today. Skipping startup check.
2026-02-19 08:47:45,612 - main_window - INFO - Alert already sent or checked for today. Skipping startup check.
2026-02-19 08:48:47,622 - main_window - INFO - Alert already sent or checked for today. Skipping startup check.
2026-02-19 08:49:40,266 - main_window - INFO - Manual alert trigger initiated by user.
2026-02-19 08:49:40,267 - alerts - INFO - Starting alert check. TODAY=2026-02-19, TARGET_15D=2026-03-06
2026-02-19 08:49:40,269 - alerts - INFO - Found 2 expiring and 1 expired contracts.
2026-02-19 08:49:40,271 - email_manager - INFO - EmailManager initialized with 3 workers.
2026-02-19 08:49:40,271 - email_manager - INFO - Enqueued email to controle@saphirpalace.com.tn (Task ID: 2129312890384-1771487380)
2026-02-19 08:49:40,448 - email_manager - INFO - EmailWorker-0: Established new SMTP connection.
2026-02-19 08:49:41,047 - email_manager - INFO - Sent email to controle@saphirpalace.com.tn | Queue Latency: 0.18s | Send Duration: 0.60s
2026-02-19 08:55:34,161 - main_window - INFO - Alert already sent or checked for today. Skipping startup check.
2026-02-19 08:55:42,160 - main_window - INFO - Alert already sent or checked for today. Skipping startup check.
2026-02-19 08:56:56,721 - main_window - INFO - Alert already sent or checked for today. Skipping startup check.
2026-02-19 08:57:11,192 - main_window - INFO - Alert already sent or checked for today. Skipping startup check.
2026-02-22 08:34:22,535 - email_manager - INFO - EmailManager initialized with 3 workers.
2026-02-22 08:34:22,536 - email_manager - INFO - Enqueued email to suissi.boubaker@gmail.com (Task ID: 2098387511984-1771745662)
2026-02-22 08:34:22,743 - email_manager - INFO - EmailWorker-0: Established new SMTP connection.
2026-02-22 08:34:22,784 - email_manager - INFO - Sent email to suissi.boubaker@gmail.com | Queue Latency: 0.21s | Send Duration: 0.04s
2026-02-22 08:34:53,098 - alerts - INFO - Starting alert check. TODAY=2026-02-22, TARGET_15D=2026-03-09
2026-02-22 08:34:53,103 - alerts - INFO - Found 2 expiring and 1 expired contracts.
2026-02-22 08:34:53,106 - email_manager - INFO - Enqueued email to controle@saphirpalace.com.tn (Task ID: 2098751501392-1771745693)
2026-02-22 08:34:53,124 - alerts - INFO - Automated check complete. Recorded last_alert_date=2026-02-22
2026-02-22 08:34:53,253 - email_manager - INFO - EmailWorker-2: Established new SMTP connection.
2026-02-22 08:34:53,817 - email_manager - INFO - Sent email to controle@saphirpalace.com.tn | Queue Latency: 0.15s | Send Duration: 0.56s
2026-02-22 08:34:54,063 - main_window - INFO - Alert already sent or checked for today. Skipping startup check.
2026-02-22 08:35:00,137 - main_window - INFO - Alert already sent or checked for today. Skipping startup check.
2026-02-22 08:52:01,467 - main_window - INFO - Alert already sent or checked for today. Skipping startup check.
2026-02-22 09:03:47,591 - main_window - INFO - Alert already sent or checked for today. Skipping startup check.
2026-02-22 09:04:46,633 - main_window - INFO - Alert already sent or checked for today. Skipping startup check.
2026-02-22 09:05:35,056 - main_window - INFO - Alert already sent or checked for today. Skipping startup check.
2026-02-22 09:06:12,237 - main_window - INFO - Alert already sent or checked for today. Skipping startup check.
2026-02-22 09:06:31,455 - main_window - INFO - Alert already sent or checked for today. Skipping startup check.
2026-02-22 09:14:18,852 - main_window - INFO - Alert already sent or checked for today. Skipping startup check.
2026-02-22 09:14:48,058 - main_window - INFO - Alert already sent or checked for today. Skipping startup check.
2026-02-22 09:29:18,782 - main_window - INFO - Alert already sent or checked for today. Skipping startup check.
2026-02-22 09:36:23,027 - main_window - INFO - Alert already sent or checked for today. Skipping startup check.
2026-02-22 09:42:06,852 - main_window - INFO - Alert already sent or checked for today. Skipping startup check.
2026-02-22 09:55:09,028 - main_window - INFO - Alert already sent or checked for today. Skipping startup check.
2026-02-22 10:24:50,874 - main_window - INFO - Alert already sent or checked for today. Skipping startup check.
2026-02-22 10:49:47,971 - main_window - INFO - Alert already sent or checked for today. Skipping startup check.
2026-02-22 12:17:40,562 - main_window - INFO - Alert already sent or checked for today. Skipping startup check.
2026-02-22 12:21:44,275 - main_window - INFO - Alert already sent or checked for today. Skipping startup check.
2026-02-22 12:27:24,139 - main_window - INFO - Alert already sent or checked for today. Skipping startup check.
2026-02-22 12:37:04,945 - main_window - INFO - Alert already sent or checked for today. Skipping startup check.
2026-02-22 13:20:41,364 - main_window - INFO - Alert already sent or checked for today. Skipping startup check.
2026-02-22 13:32:14,655 - main_window - INFO - Alert already sent or checked for today. Skipping startup check.
2026-02-22 13:33:50,806 - main_window - INFO - Alert already sent or checked for today. Skipping startup check.
2026-02-22 13:40:33,855 - main_window - INFO - Alert already sent or checked for today. Skipping startup check.
2026-02-22 13:47:05,192 - main_window - INFO - Alert already sent or checked for today. Skipping startup check.
2026-02-22 13:50:34,131 - main_window - INFO - Alert already sent or checked for today. Skipping startup check.
2026-02-22 14:06:16,411 - main_window - INFO - Alert already sent or checked for today. Skipping startup check.
2026-02-22 14:13:31,807 - main_window - INFO - Alert already sent or checked for today. Skipping startup check.
2026-02-22 14:14:49,179 - main_window - INFO - Alert already sent or checked for today. Skipping startup check.
2026-02-22 14:16:41,870 - main_window - INFO - Alert already sent or checked for today. Skipping startup check.
2026-02-22 14:18:38,607 - main_window - INFO - Alert already sent or checked for today. Skipping startup check.
2026-02-22 14:27:35,280 - main_window - INFO - Alert already sent or checked for today. Skipping startup check.
2026-02-22 14:37:26,389 - main_window - INFO - Alert already sent or checked for today. Skipping startup check.
2026-02-22 14:45:36,601 - main_window - INFO - Alert already sent or checked for today. Skipping startup check.
2026-02-23 07:45:42,563 - alerts - INFO - Starting alert check. TODAY=2026-02-23, TARGET_15D=2026-03-10
2026-02-23 07:45:42,568 - alerts - INFO - Found 2 expiring and 1 expired contracts.
2026-02-23 07:45:42,570 - email_manager - INFO - EmailManager initialized with 3 workers.
2026-02-23 07:45:42,571 - email_manager - INFO - Enqueued email to controle@saphirpalace.com.tn (Task ID: 2080008636432-1771829142)
2026-02-23 07:45:42,641 - alerts - INFO - Automated check complete. Recorded last_alert_date=2026-02-23
2026-02-23 07:45:43,151 - email_manager - INFO - EmailWorker-0: Established new SMTP connection.
2026-02-23 07:45:43,532 - main_window - INFO - Alert already sent or checked for today. Skipping startup check.
2026-02-23 07:45:43,932 - email_manager - INFO - Sent email to controle@saphirpalace.com.tn | Queue Latency: 0.58s | Send Duration: 0.78s
2026-02-23 07:52:39,781 - main_window - INFO - Alert already sent or checked for today. Skipping startup check.
2026-02-23 08:32:34,639 - main_window - INFO - Alert already sent or checked for today. Skipping startup check.
2026-02-23 08:35:18,560 - main_window - INFO - Alert already sent or checked for today. Skipping startup check.
2026-02-23 08:42:15,735 - main_window - INFO - Alert already sent or checked for today. Skipping startup check.
2026-02-23 08:42:44,912 - main_window - INFO - Alert already sent or checked for today. Skipping startup check.
2026-02-23 08:46:06,618 - main_window - INFO - Alert already sent or checked for today. Skipping startup check.
2026-02-23 08:51:09,829 - main_window - INFO - Alert already sent or checked for today. Skipping startup check.
2026-02-23 08:52:47,691 - main_window - INFO - Alert already sent or checked for today. Skipping startup check.
2026-02-23 08:59:49,940 - main_window - INFO - Alert already sent or checked for today. Skipping startup check.
2026-02-23 09:00:54,083 - main_window - INFO - Alert already sent or checked for today. Skipping startup check.
2026-02-23 11:34:18,478 - main_window - INFO - Alert already sent or checked for today. Skipping startup check.
2026-02-23 11:59:06,119 - main_window - INFO - Alert already sent or checked for today. Skipping startup check.
2026-02-23 11:59:55,207 - main_window - INFO - Alert already sent or checked for today. Skipping startup check.
2026-02-23 13:08:17,542 - main_window - INFO - Alert already sent or checked for today. Skipping startup check.
2026-02-23 13:26:39,199 - main_window - INFO - Alert already sent or checked for today. Skipping startup check.
2026-02-23 13:44:03,050 - main_window - INFO - Alert already sent or checked for today. Skipping startup check.
2026-02-23 13:46:06,553 - main_window - INFO - Alert already sent or checked for today. Skipping startup check.
2026-02-23 13:52:27,050 - main_window - INFO - Alert already sent or checked for today. Skipping startup check.
2026-02-23 13:53:11,413 - main_window - INFO - Alert already sent or checked for today. Skipping startup check.
2026-02-23 13:55:35,794 - main_window - INFO - Alert already sent or checked for today. Skipping startup check.
2026-02-23 14:01:19,081 - main_window - INFO - Alert already sent or checked for today. Skipping startup check.
2026-02-23 14:12:42,417 - main_window - INFO - Alert already sent or checked for today. Skipping startup check.
2026-02-23 14:15:50,748 - main_window - INFO - Manual alert trigger initiated by user.
2026-02-23 14:15:50,749 - alerts - INFO - Starting alert check. TODAY=2026-02-23, TARGET_15D=2026-03-10
2026-02-23 14:15:50,751 - alerts - INFO - Found 2 expiring and 1 expired contracts.
2026-02-23 14:15:50,754 - email_manager - INFO - EmailManager initialized with 3 workers.
2026-02-23 14:15:50,754 - email_manager - INFO - Enqueued email to controle@saphirpalace.com.tn (Task ID: 2960217408400-1771852550)
2026-02-23 14:15:50,954 - email_manager - INFO - EmailWorker-0: Established new SMTP connection.
2026-02-23 14:15:51,037 - email_manager - INFO - Sent email to controle@saphirpalace.com.tn | Queue Latency: 0.20s | Send Duration: 0.08s
2026-02-23 14:21:55,754 - main_window - INFO - Alert already sent or checked for today. Skipping startup check.
2026-02-23 14:22:46,114 - main_window - INFO - Alert already sent or checked for today. Skipping startup check.
2026-02-23 14:35:04,069 - main_window - INFO - Alert already sent or checked for today. Skipping startup check.
2026-02-24 07:23:30,829 - email_manager - INFO - EmailManager initialized with 3 workers.
2026-02-24 07:23:30,831 - email_manager - INFO - Enqueued email to suissi.boubaker@gmail.com (Task ID: 1294620426544-1771914210)
2026-02-24 07:23:31,128 - email_manager - INFO - EmailWorker-0: Established new SMTP connection.
2026-02-24 07:23:31,197 - email_manager - INFO - Sent email to suissi.boubaker@gmail.com | Queue Latency: 0.30s | Send Duration: 0.07s
2026-02-24 07:23:57,138 - alerts - INFO - Starting alert check. TODAY=2026-02-24, TARGET_15D=2026-03-11
2026-02-24 07:23:57,185 - alerts - INFO - Found 2 expiring and 1 expired contracts.
2026-02-24 07:23:57,188 - email_manager - INFO - Enqueued email to controle@saphirpalace.com.tn (Task ID: 1292819975984-1771914237)
2026-02-24 07:23:57,223 - alerts - INFO - Automated check complete. Recorded last_alert_date=2026-02-24
2026-02-24 07:23:57,243 - email_manager - INFO - Sent email to controle@saphirpalace.com.tn | Queue Latency: 0.00s | Send Duration: 0.05s
2026-02-24 07:23:58,140 - main_window - INFO - Alert already sent or checked for today. Skipping startup check.
2026-02-24 07:30:36,880 - main_window - INFO - Alert already sent or checked for today. Skipping startup check.
2026-02-24 07:31:58,689 - main_window - INFO - Alert already sent or checked for today. Skipping startup check.
2026-02-24 08:17:45,870 - main_window - INFO - Alert already sent or checked for today. Skipping startup check.
2026-02-24 09:47:37,027 - main_window - INFO - Alert already sent or checked for today. Skipping startup check.
2026-02-24 10:15:50,930 - main_window - INFO - Alert already sent or checked for today. Skipping startup check.
2026-02-24 10:26:36,533 - main_window - INFO - Alert already sent or checked for today. Skipping startup check.
2026-02-24 10:33:40,564 - main_window - INFO - Alert already sent or checked for today. Skipping startup check.
2026-02-24 11:35:09,096 - main_window - INFO - Alert already sent or checked for today. Skipping startup check.
2026-02-24 11:59:04,766 - main_window - INFO - Alert already sent or checked for today. Skipping startup check.
2026-02-24 12:50:57,769 - main_window - INFO - Alert already sent or checked for today. Skipping startup check.
2026-02-24 12:52:29,086 - main_window - INFO - Alert already sent or checked for today. Skipping startup check.
2026-02-24 12:52:43,651 - main_window - INFO - Alert already sent or checked for today. Skipping startup check.
2026-02-24 12:52:52,559 - main_window - INFO - Alert already sent or checked for today. Skipping startup check.
2026-02-24 13:00:10,289 - main_window - INFO - Alert already sent or checked for today. Skipping startup check.
2026-02-24 13:03:59,241 - main_window - INFO - Alert already sent or checked for today. Skipping startup check.
2026-02-24 13:06:39,605 - main_window - INFO - Alert already sent or checked for today. Skipping startup check.
2026-02-24 13:08:47,268 - main_window - INFO - Alert already sent or checked for today. Skipping startup check.
2026-02-24 13:16:03,216 - main_window - INFO - Alert already sent or checked for today. Skipping startup check.
2026-02-24 13:22:58,271 - main_window - INFO - Alert already sent or checked for today. Skipping startup check.
2026-02-24 13:23:57,156 - main_window - INFO - Alert already sent or checked for today. Skipping startup check.
2026-02-24 13:25:39,071 - main_window - INFO - Alert already sent or checked for today. Skipping startup check.
2026-02-24 13:26:04,931 - main_window - INFO - Alert already sent or checked for today. Skipping startup check.
2026-02-24 13:31:38,312 - main_window - INFO - Alert already sent or checked for today. Skipping startup check.
2026-02-25 07:26:26,151 - alerts - INFO - Starting alert check. TODAY=2026-02-25, TARGET_15D=2026-03-12
2026-02-25 07:26:26,156 - alerts - INFO - Found 1 expiring and 2 expired contracts.
2026-02-25 07:26:26,159 - email_manager - INFO - EmailManager initialized with 3 workers.
2026-02-25 07:26:26,159 - email_manager - INFO - Enqueued email to controle@saphirpalace.com.tn (Task ID: 3254834078096-1772000786)
2026-02-25 07:26:26,185 - alerts - INFO - Automated check complete. Recorded last_alert_date=2026-02-25
2026-02-25 07:26:26,414 - email_manager - INFO - EmailWorker-0: Established new SMTP connection.
2026-02-25 07:26:26,513 - email_manager - INFO - Sent email to controle@saphirpalace.com.tn | Queue Latency: 0.26s | Send Duration: 0.10s
2026-02-25 07:26:27,134 - main_window - INFO - Alert already sent or checked for today. Skipping startup check.
2026-02-25 07:43:11,375 - main_window - INFO - Alert already sent or checked for today. Skipping startup check.
2026-02-25 07:44:04,100 - main_window - INFO - Alert already sent or checked for today. Skipping startup check.
2026-02-25 07:44:46,259 - main_window - INFO - Alert already sent or checked for today. Skipping startup check.
2026-02-25 08:12:39,623 - alerts - INFO - Starting alert check. TODAY=2026-02-25, TARGET_15D=2026-03-12
2026-02-25 08:12:39,630 - alerts - INFO - Found 1 expiring and 2 expired contracts.
2026-02-25 08:12:39,633 - email_manager - INFO - EmailManager initialized with 3 workers.
2026-02-25 08:12:39,633 - email_manager - INFO - Enqueued email to controle@saphirpalace.com.tn (Task ID: 2861984067536-1772003559)
2026-02-25 08:12:39,712 - alerts - INFO - Automated check complete. Recorded last_alert_date=2026-02-25
2026-02-25 08:12:39,919 - email_manager - INFO - EmailWorker-0: Established new SMTP connection.
2026-02-25 08:12:39,977 - email_manager - INFO - Sent email to controle@saphirpalace.com.tn | Queue Latency: 0.29s | Send Duration: 0.06s
2026-02-25 08:12:40,598 - main_window - INFO - Alert already sent or checked for today. Skipping startup check.
